State 1: LEADER
State 2: FOLLOWER
State 3: FOLLOWER