2 [1, "test"]
3 [1, "test"]
4 [1, "test"]
3
2 [1, "test"] [1, "test2"]
3
4 [1, "test"] [1, "test2"]
3 [1, "test"] [1, "test2"]
