2 [1, "test"]
3 [1, "test"]
4 [1, "test"]
2 [1, "test"]
3
4 [1, "test"]
