2 "test"
3 "test"
4 "test"
State 3: STOPPED
2 "test"
3 "test"
4 "test"
